
=== Active Documents (9) ===
  Project: 6544ab14-0f43-4652-95d3-5abee6cd8a36
    File: AI_Book_Creator_Product_Document.pdf (v1)
    Content: 0 chars

  Project: c7e3f37b-90fe-4d68-a2a7-bca5d2800f27
    File: Ai Idea Validation Framework Document.pdf (v1)
    Content: 10045 chars
    Preview: 
AI-Based Idea Validation Framework

A Research-Oriented Detailed Document

1. Abstract

The success...

  Project: 0340fea8-6c38-4f79-874c-3a8fd6d7f251
    File: Internship Final Report.docx (v1)
    Content: 69753 chars
    Preview: 
A Study On

Product Feature Planning, Sprint Management, and Customer-Driven Enhancements for the G...

  Project: bba24418-e5bd-47dd-aadf-e4a73cf4b287
    File: Internship Final Report.docx (v1)
    Content: 69753 chars
    Preview: 
A Study On

Product Feature Planning, Sprint Management, and Customer-Driven Enhancements for the G...

  Project: ee87810f-3a6a-438d-80af-c692baf1b0bc
    File: Internship Final Report.docx (v1)
    Content: 69753 chars
    Preview: 
A Study On

Product Feature Planning, Sprint Management, and Customer-Driven Enhancements for the G...

  Project: 60be63b1-13db-4982-af72-8b542b74020c
    File: Internship Final Report 2.pdf (v1)
    Content: 72517 chars
    Preview: 
 

 
A Study On 

 

Product Feature Planning, Sprint Management, and Customer-Driven 

Enhancement...

  Project: b965337d-1080-4e4c-8932-e329956b7ea0
    File: TrustLayer AI.pdf (v1)
    Content: 3331 chars
    Preview: 
ΓÇ£TrustLayer AIΓÇ¥ ΓÇô Real-Time AI Credibility Filter for Information 

 

       The Real Problem (Big...

  Project: dac6b850-89e8-472b-891d-8568a0c575c8
    File: Byju preparation.pdf (v1)
    Content: 37622 chars
    Preview: 
ByjuΓÇÖs presentations  

Intro  

Opening (Attention Grab): 

"How do you turn $22 billion into $225...

  Project: 38f36368-abdf-4f4e-9013-811b6f707dff
    File: Byju preparation.docx (v1)
    Content: 36569 chars
    Preview: ByjuΓÇÖs presentations 
Intro 
Opening (Attention Grab):
"How do you turn $22 billion into $225 millio...

=== Active Embeddings: 5 ===
  Project: c7e3f37b-90fe-4d68-a2a7-bca5d2800f27, Source: DOCUMENT
  Project: c7e3f37b-90fe-4d68-a2a7-bca5d2800f27, Source: DOCUMENT
  Project: c7e3f37b-90fe-4d68-a2a7-bca5d2800f27, Source: DOCUMENT
  Project: c7e3f37b-90fe-4d68-a2a7-bca5d2800f27, Source: DOCUMENT
  Project: c7e3f37b-90fe-4d68-a2a7-bca5d2800f27, Source: DOCUMENT
